// Jest Snapshot v1, https://goo.gl/fbAQLP

exports[`<Loader /> should render the component 1`] = `
<div>
  <div
    class="loader"
  />
</div>
`;
